======================================================================
PHASE 15 — frozen-head transfer for H101_whole_hema_maturation
======================================================================
  internal anchors kept: 285/290
[1] Training anchor LET head on internal panel...
  [H101_whole_hema_maturation_internal] trained 1500 epochs in 11.1s

[2] External panel...
{
  "panel": "external",
  "n_anchors_kept": 598,
  "n_donors": 13,
  "n_categories": null,
  "ruler_max": 6.0,
  "trustworthiness": 0.7172709030100335,
  "random_holdout": 0.7265677574975778,
  "donor_holdout": 0.6475935302476558,
  "category_holdout": NaN,
  "global_correlation": 0.7158407017312134,
  "pass_trust": false,
  "pass_random": true,
  "pass_donor": true,
  "pass_category": false,
  "n_gates_passing": 2,
  "verdict": "FAIL_external"
}
  → <REPO_ROOT>/projects/maxtoki/runs/manifold-discovery-217M/reports/external_validation_H101.json

[3] Zero-shot panel...
{
  "panel": "zeroshot",
  "n_anchors_kept": 158,
  "n_donors": 12,
  "n_categories": null,
  "ruler_max": 6.0,
  "trustworthiness": 0.7057759024847632,
  "random_holdout": 0.6685046575209219,
  "donor_holdout": 0.7022381136533378,
  "category_holdout": NaN,
  "global_correlation": 0.6913171824873617,
  "pass_trust": false,
  "pass_random": true,
  "pass_donor": true,
  "pass_category": false,
  "n_gates_passing": 2,
  "verdict": "FAIL_zeroshot"
}
  → <REPO_ROOT>/projects/maxtoki/runs/manifold-discovery-217M/reports/zeroshot_H101.json

Total time: 12.8s
