======================================================================
PHASE 10 — multi-stage compaction chain
======================================================================

[1] Compact-V1 single-head winner: L10H6 (trust=0.882)
  A shape (154, 1232)

--- full_drift_reference ---
  [full_drift_reference] trained 1500 epochs in 9.7s
  [rand-holdout] trained 1500 epochs in 9.8s
  [rand-holdout] trained 1500 epochs in 10.0s
  [rand-holdout] trained 1500 epochs in 10.6s
  [rand-holdout] trained 1500 epochs in 10.6s
  [rand-holdout] trained 1500 epochs in 9.3s
  [full_drift_reference-donor] groups: 11
  [full_drift_reference-donor-TSP2] trained 1500 epochs in 4.2s
  [full_drift_reference-donor-TSP20] trained 1500 epochs in 12.5s
  [full_drift_reference-donor-TSP9] trained 1500 epochs in 11.9s
  [full_drift_reference-donor-TSP4] trained 1500 epochs in 10.7s
  [full_drift_reference-donor-TSP17] trained 1500 epochs in 11.8s
  [full_drift_reference-donor-TSP5] trained 1500 epochs in 12.6s
  [full_drift_reference-donor-TSP15] trained 1500 epochs in 11.4s
  [full_drift_reference-donor-TSP28] trained 1500 epochs in 11.2s
  [full_drift_reference-donor-TSP3] trained 1500 epochs in 13.5s
  [full_drift_reference-branch] groups: 12
  [full_drift_reference-branch-monocyte] trained 1500 epochs in 11.5s
  [full_drift_reference-branch-T_lineage] trained 1500 epochs in 8.9s
  [full_drift_reference-branch-macrophage] trained 1500 epochs in 11.3s
<REPO_ROOT>/projects/maxtoki/runs/manifold-discovery-217M/scripts/phase5_let_anchor.py:196: ConstantInputWarning: An input array is constant; the correlation coefficient is not defined.
  rho, _ = spearmanr(d_hat[triu], D_test[triu])
  [full_drift_reference-branch-B_lineage] trained 1500 epochs in 10.5s
  [full_drift_reference-branch-NK] trained 1500 epochs in 10.7s
  [full_drift_reference-branch-erythroid] trained 1500 epochs in 11.5s
  [full_drift_reference-branch-granulocyte] trained 1500 epochs in 12.1s
  [full_drift_reference-branch-stem] trained 1500 epochs in 12.2s
  [full_drift_reference-branch-lymphoid] trained 1500 epochs in 12.1s
  [full_drift_reference-branch-dendritic] trained 1500 epochs in 11.0s
  trust=0.811  rand=0.834  donor=0.716  branch=0.370

--- compact_top1_L10H6 ---
  [compact_top1_L10H6] trained 1500 epochs in 4.3s
  [rand-holdout] trained 1500 epochs in 3.2s
  [rand-holdout] trained 1500 epochs in 3.5s
  [rand-holdout] trained 1500 epochs in 3.1s
  [rand-holdout] trained 1500 epochs in 3.1s
  [rand-holdout] trained 1500 epochs in 3.2s
  [compact_top1_L10H6-donor] groups: 11
  [compact_top1_L10H6-donor-TSP2] trained 1500 epochs in 0.8s
  [compact_top1_L10H6-donor-TSP20] trained 1500 epochs in 3.3s
  [compact_top1_L10H6-donor-TSP9] trained 1500 epochs in 3.3s
  [compact_top1_L10H6-donor-TSP4] trained 1500 epochs in 3.4s
  [compact_top1_L10H6-donor-TSP17] trained 1500 epochs in 3.3s
  [compact_top1_L10H6-donor-TSP5] trained 1500 epochs in 3.2s
  [compact_top1_L10H6-donor-TSP15] trained 1500 epochs in 3.2s
  [compact_top1_L10H6-donor-TSP28] trained 1500 epochs in 3.4s
  [compact_top1_L10H6-donor-TSP3] trained 1500 epochs in 2.8s
  [compact_top1_L10H6-branch] groups: 12
  [compact_top1_L10H6-branch-monocyte] trained 1500 epochs in 2.9s
  [compact_top1_L10H6-branch-T_lineage] trained 1500 epochs in 2.2s
  [compact_top1_L10H6-branch-macrophage] trained 1500 epochs in 3.3s
<REPO_ROOT>/projects/maxtoki/runs/manifold-discovery-217M/scripts/phase5_let_anchor.py:196: ConstantInputWarning: An input array is constant; the correlation coefficient is not defined.
  rho, _ = spearmanr(d_hat[triu], D_test[triu])
  [compact_top1_L10H6-branch-B_lineage] trained 1500 epochs in 3.3s
  [compact_top1_L10H6-branch-NK] trained 1500 epochs in 3.0s
  [compact_top1_L10H6-branch-erythroid] trained 1500 epochs in 3.3s
  [compact_top1_L10H6-branch-granulocyte] trained 1500 epochs in 3.0s
  [compact_top1_L10H6-branch-stem] trained 1500 epochs in 3.5s
  [compact_top1_L10H6-branch-lymphoid] trained 1500 epochs in 3.5s
  [compact_top1_L10H6-branch-dendritic] trained 1500 epochs in 3.0s
  trust=0.882  rand=0.817  donor=0.719  branch=0.467

[2] SVD of A_L10H6: |S|=(154,), S[:5]=[1.194 1.117 1.083 1.068 1.041]

--- rank8_svd ---
  [rank8_svd] trained 1500 epochs in 3.6s
  [rand-holdout] trained 1500 epochs in 3.5s
  [rand-holdout] trained 1500 epochs in 3.1s
  [rand-holdout] trained 1500 epochs in 3.2s
  [rand-holdout] trained 1500 epochs in 3.3s
  [rand-holdout] trained 1500 epochs in 2.9s
  [rank8_svd-donor] groups: 11
  [rank8_svd-donor-TSP2] trained 1500 epochs in 0.8s
  [rank8_svd-donor-TSP20] trained 1500 epochs in 3.3s
  [rank8_svd-donor-TSP9] trained 1500 epochs in 3.2s
  [rank8_svd-donor-TSP4] trained 1500 epochs in 3.2s
  [rank8_svd-donor-TSP17] trained 1500 epochs in 3.5s
  [rank8_svd-donor-TSP5] trained 1500 epochs in 3.5s
  [rank8_svd-donor-TSP15] trained 1500 epochs in 3.4s
  [rank8_svd-donor-TSP28] trained 1500 epochs in 3.5s
  [rank8_svd-donor-TSP3] trained 1500 epochs in 3.5s
  [rank8_svd-branch] groups: 12
  [rank8_svd-branch-monocyte] trained 1500 epochs in 3.7s
  [rank8_svd-branch-T_lineage] trained 1500 epochs in 2.4s
  [rank8_svd-branch-macrophage] trained 1500 epochs in 3.2s
<REPO_ROOT>/projects/maxtoki/runs/manifold-discovery-217M/scripts/phase5_let_anchor.py:196: ConstantInputWarning: An input array is constant; the correlation coefficient is not defined.
  rho, _ = spearmanr(d_hat[triu], D_test[triu])
  [rank8_svd-branch-B_lineage] trained 1500 epochs in 3.3s
  [rank8_svd-branch-NK] trained 1500 epochs in 3.5s
  [rank8_svd-branch-erythroid] trained 1500 epochs in 3.5s
  [rank8_svd-branch-granulocyte] trained 1500 epochs in 3.3s
  [rank8_svd-branch-stem] trained 1500 epochs in 3.2s
  [rank8_svd-branch-lymphoid] trained 1500 epochs in 3.4s
  [rank8_svd-branch-dendritic] trained 1500 epochs in 3.4s
  trust=0.956  rand=0.794  donor=0.739  branch=0.352

--- rank16_svd ---
  [rank16_svd] trained 1500 epochs in 3.0s
  [rand-holdout] trained 1500 epochs in 3.4s
  [rand-holdout] trained 1500 epochs in 3.4s
  [rand-holdout] trained 1500 epochs in 2.9s
  [rand-holdout] trained 1500 epochs in 3.5s
  [rand-holdout] trained 1500 epochs in 3.2s
  [rank16_svd-donor] groups: 11
  [rank16_svd-donor-TSP2] trained 1500 epochs in 0.9s
  [rank16_svd-donor-TSP20] trained 1500 epochs in 3.4s
  [rank16_svd-donor-TSP9] trained 1500 epochs in 3.2s
  [rank16_svd-donor-TSP4] trained 1500 epochs in 3.6s
  [rank16_svd-donor-TSP17] trained 1500 epochs in 3.3s
  [rank16_svd-donor-TSP5] trained 1500 epochs in 3.3s
  [rank16_svd-donor-TSP15] trained 1500 epochs in 3.6s
  [rank16_svd-donor-TSP28] trained 1500 epochs in 3.2s
  [rank16_svd-donor-TSP3] trained 1500 epochs in 3.3s
  [rank16_svd-branch] groups: 12
  [rank16_svd-branch-monocyte] trained 1500 epochs in 2.8s
  [rank16_svd-branch-T_lineage] trained 1500 epochs in 1.9s
  [rank16_svd-branch-macrophage] trained 1500 epochs in 3.4s
<REPO_ROOT>/projects/maxtoki/runs/manifold-discovery-217M/scripts/phase5_let_anchor.py:196: ConstantInputWarning: An input array is constant; the correlation coefficient is not defined.
  rho, _ = spearmanr(d_hat[triu], D_test[triu])
  [rank16_svd-branch-B_lineage] trained 1500 epochs in 3.2s
  [rank16_svd-branch-NK] trained 1500 epochs in 3.4s
  [rank16_svd-branch-erythroid] trained 1500 epochs in 3.3s
  [rank16_svd-branch-granulocyte] trained 1500 epochs in 2.6s
  [rank16_svd-branch-stem] trained 1500 epochs in 3.5s
  [rank16_svd-branch-lymphoid] trained 1500 epochs in 3.6s
  [rank16_svd-branch-dendritic] trained 1500 epochs in 3.5s
  trust=0.932  rand=0.823  donor=0.765  branch=0.216

--- rank32_svd ---
  [rank32_svd] trained 1500 epochs in 3.6s
  [rand-holdout] trained 1500 epochs in 3.2s
  [rand-holdout] trained 1500 epochs in 2.9s
  [rand-holdout] trained 1500 epochs in 2.9s
  [rand-holdout] trained 1500 epochs in 3.2s
  [rand-holdout] trained 1500 epochs in 2.9s
  [rank32_svd-donor] groups: 11
  [rank32_svd-donor-TSP2] trained 1500 epochs in 0.6s
  [rank32_svd-donor-TSP20] trained 1500 epochs in 2.9s
  [rank32_svd-donor-TSP9] trained 1500 epochs in 3.0s
  [rank32_svd-donor-TSP4] trained 1500 epochs in 3.1s
  [rank32_svd-donor-TSP17] trained 1500 epochs in 3.4s
  [rank32_svd-donor-TSP5] trained 1500 epochs in 3.6s
  [rank32_svd-donor-TSP15] trained 1500 epochs in 2.9s
  [rank32_svd-donor-TSP28] trained 1500 epochs in 2.9s
  [rank32_svd-donor-TSP3] trained 1500 epochs in 3.3s
  [rank32_svd-branch] groups: 12
  [rank32_svd-branch-monocyte] trained 1500 epochs in 2.9s
  [rank32_svd-branch-T_lineage] trained 1500 epochs in 2.1s
  [rank32_svd-branch-macrophage] trained 1500 epochs in 2.8s
<REPO_ROOT>/projects/maxtoki/runs/manifold-discovery-217M/scripts/phase5_let_anchor.py:196: ConstantInputWarning: An input array is constant; the correlation coefficient is not defined.
  rho, _ = spearmanr(d_hat[triu], D_test[triu])
  [rank32_svd-branch-B_lineage] trained 1500 epochs in 3.2s
  [rank32_svd-branch-NK] trained 1500 epochs in 3.1s
  [rank32_svd-branch-erythroid] trained 1500 epochs in 2.9s
  [rank32_svd-branch-granulocyte] trained 1500 epochs in 3.1s
  [rank32_svd-branch-stem] trained 1500 epochs in 3.1s
  [rank32_svd-branch-lymphoid] trained 1500 epochs in 3.3s
  [rank32_svd-branch-dendritic] trained 1500 epochs in 2.8s
  trust=0.926  rand=0.832  donor=0.794  branch=0.420

--- rank64_svd ---
  [rank64_svd] trained 1500 epochs in 3.8s
  [rand-holdout] trained 1500 epochs in 3.1s
  [rand-holdout] trained 1500 epochs in 2.9s
  [rand-holdout] trained 1500 epochs in 2.8s
  [rand-holdout] trained 1500 epochs in 2.7s
  [rand-holdout] trained 1500 epochs in 3.6s
  [rank64_svd-donor] groups: 11
  [rank64_svd-donor-TSP2] trained 1500 epochs in 1.1s
  [rank64_svd-donor-TSP20] trained 1500 epochs in 4.2s
  [rank64_svd-donor-TSP9] trained 1500 epochs in 4.0s
  [rank64_svd-donor-TSP4] trained 1500 epochs in 3.2s
  [rank64_svd-donor-TSP17] trained 1500 epochs in 3.9s
  [rank64_svd-donor-TSP5] trained 1500 epochs in 3.4s
  [rank64_svd-donor-TSP15] trained 1500 epochs in 3.1s
  [rank64_svd-donor-TSP28] trained 1500 epochs in 3.1s
  [rank64_svd-donor-TSP3] trained 1500 epochs in 3.3s
  [rank64_svd-branch] groups: 12
  [rank64_svd-branch-monocyte] trained 1500 epochs in 4.0s
  [rank64_svd-branch-T_lineage] trained 1500 epochs in 3.3s
  [rank64_svd-branch-macrophage] trained 1500 epochs in 3.1s
<REPO_ROOT>/projects/maxtoki/runs/manifold-discovery-217M/scripts/phase5_let_anchor.py:196: ConstantInputWarning: An input array is constant; the correlation coefficient is not defined.
  rho, _ = spearmanr(d_hat[triu], D_test[triu])
  [rank64_svd-branch-B_lineage] trained 1500 epochs in 4.2s
  [rank64_svd-branch-NK] trained 1500 epochs in 3.8s
  [rank64_svd-branch-erythroid] trained 1500 epochs in 3.3s
  [rank64_svd-branch-granulocyte] trained 1500 epochs in 3.3s
  [rank64_svd-branch-stem] trained 1500 epochs in 4.2s
  [rank64_svd-branch-lymphoid] trained 1500 epochs in 4.0s
  [rank64_svd-branch-dendritic] trained 1500 epochs in 4.0s
  trust=0.912  rand=0.822  donor=0.774  branch=0.514

--- hard_sparse_16f_60g ---
  [hard_sparse_16f_60g] trained 1500 epochs in 4.8s
  [rand-holdout] trained 1500 epochs in 3.6s
  [rand-holdout] trained 1500 epochs in 3.1s
  [rand-holdout] trained 1500 epochs in 3.3s
  [rand-holdout] trained 1500 epochs in 2.9s
  [rand-holdout] trained 1500 epochs in 3.7s
  [hard_sparse_16f_60g-donor] groups: 11
  [hard_sparse_16f_60g-donor-TSP2] trained 1500 epochs in 1.0s
  [hard_sparse_16f_60g-donor-TSP20] trained 1500 epochs in 4.3s
  [hard_sparse_16f_60g-donor-TSP9] trained 1500 epochs in 4.6s
  [hard_sparse_16f_60g-donor-TSP4] trained 1500 epochs in 3.4s
  [hard_sparse_16f_60g-donor-TSP17] trained 1500 epochs in 3.4s
  [hard_sparse_16f_60g-donor-TSP5] trained 1500 epochs in 3.3s
  [hard_sparse_16f_60g-donor-TSP15] trained 1500 epochs in 4.5s
  [hard_sparse_16f_60g-donor-TSP28] trained 1500 epochs in 4.1s
  [hard_sparse_16f_60g-donor-TSP3] trained 1500 epochs in 4.0s
  [hard_sparse_16f_60g-branch] groups: 12
  [hard_sparse_16f_60g-branch-monocyte] trained 1500 epochs in 4.6s
  [hard_sparse_16f_60g-branch-T_lineage] trained 1500 epochs in 2.9s
  [hard_sparse_16f_60g-branch-macrophage] trained 1500 epochs in 4.0s
<REPO_ROOT>/projects/maxtoki/runs/manifold-discovery-217M/scripts/phase5_let_anchor.py:196: ConstantInputWarning: An input array is constant; the correlation coefficient is not defined.
  rho, _ = spearmanr(d_hat[triu], D_test[triu])
  [hard_sparse_16f_60g-branch-B_lineage] trained 1500 epochs in 3.4s
  [hard_sparse_16f_60g-branch-NK] trained 1500 epochs in 2.5s
  [hard_sparse_16f_60g-branch-erythroid] trained 1500 epochs in 3.3s
  [hard_sparse_16f_60g-branch-granulocyte] trained 1500 epochs in 3.3s
  [hard_sparse_16f_60g-branch-stem] trained 1500 epochs in 3.6s
  [hard_sparse_16f_60g-branch-lymphoid] trained 1500 epochs in 3.3s
  [hard_sparse_16f_60g-branch-dendritic] trained 1500 epochs in 3.4s
  trust=0.909  rand=0.833  donor=0.746  branch=0.433

======================================================================
COMPACTION CHAIN SUMMARY
======================================================================
               label  feature_dim   mb_size  trustworthiness  branch_holdout  donor_holdout
full_drift_reference         2464 18.213888         0.810936        0.370404       0.715888
  compact_top1_L10H6          154  0.758912         0.881794        0.467403       0.718559
           rank8_svd          154  0.044384         0.955629        0.351824       0.739038
          rank16_svd          154  0.088768         0.931771        0.215765       0.764724
          rank32_svd          154  0.177536         0.926159        0.419569       0.793577
          rank64_svd          154  0.355072         0.912026        0.513665       0.773910
 hard_sparse_16f_60g          154  0.007744         0.909428        0.433324       0.746289

Phase 10 complete in 760.3s
