03:35:41 L0: v3 FVE 0.6997 dep 0.6669 dep recentred 0.6644; shift/var dep 0.000 v3 0.0000; match>=0.9 0.678 (null 0.000); diffs {'v3_fve': 1.909661317966993e-11, 'v3_fve_own_mu': 6.137939045913754e-10, 'dep_fve': 5.555322868389112e-11, 'dep_fve_own_mu': 1.7916046424204524e-10, 'v3_l0': 0.0, 'dep_l0': 0.0, 'v3_dead_equal': True, 'dep_dead_equal': True}
03:35:54 L1: v3 FVE 0.9105 dep 0.8477 dep recentred 0.8813; shift/var dep 0.046 v3 0.0001; match>=0.9 0.000 (null 0.000); diffs {'v3_fve': 1.3460343950555398e-12, 'v3_fve_own_mu': 2.495081918851838e-11, 'dep_fve': 1.2457938458609874e-08, 'dep_fve_own_mu': 1.189883980234896e-08, 'v3_l0': 0.0, 'dep_l0': 0.0, 'v3_dead_equal': True, 'dep_dead_equal': True}
03:36:05 L2: v3 FVE 0.9278 dep 0.8035 dep recentred 0.8481; shift/var dep 0.066 v3 0.0001; match>=0.9 0.006 (null 0.000); diffs {'v3_fve': 9.872325179571817e-12, 'v3_fve_own_mu': 4.0869818640487665e-10, 'dep_fve': 1.9874435430722315e-11, 'dep_fve_own_mu': 7.608904284417406e-09, 'v3_l0': 0.0, 'dep_l0': 0.0, 'v3_dead_equal': True, 'dep_dead_equal': True}
03:36:16 L3: v3 FVE 0.9122 dep 0.5922 dep recentred 0.6921; shift/var dep 0.170 v3 0.0003; match>=0.9 0.006 (null 0.000); diffs {'v3_fve': 1.1363798790853252e-11, 'v3_fve_own_mu': 1.6856172013746118e-10, 'dep_fve': 3.172129225958997e-11, 'dep_fve_own_mu': 3.681424609602857e-09, 'v3_l0': 0.0, 'dep_l0': 0.0, 'v3_dead_equal': True, 'dep_dead_equal': True}
03:36:31 L4: v3 FVE 0.8999 dep 0.4174 dep recentred 0.5149; shift/var dep 0.165 v3 0.0003; match>=0.9 0.006 (null 0.000); diffs {'v3_fve': 2.836175738707425e-12, 'v3_fve_own_mu': 8.781035898408618e-10, 'dep_fve': 7.579936678325794e-12, 'dep_fve_own_mu': 8.58932636127463e-09, 'v3_l0': 0.0, 'dep_l0': 0.0, 'v3_dead_equal': True, 'dep_dead_equal': True}
03:36:48 L5: v3 FVE 0.8623 dep 0.2893 dep recentred 0.4052; shift/var dep 0.173 v3 0.0003; match>=0.9 0.006 (null 0.000); diffs {'v3_fve': 2.1862955890128433e-11, 'v3_fve_own_mu': 1.875147592755866e-09, 'dep_fve': 9.207112849907162e-11, 'dep_fve_own_mu': 9.584218974012515e-09, 'v3_l0': 0.0, 'dep_l0': 0.0, 'v3_dead_equal': True, 'dep_dead_equal': True}
03:37:01 L6: v3 FVE 0.8472 dep 0.1886 dep recentred 0.3369; shift/var dep 0.241 v3 0.0004; match>=0.9 0.006 (null 0.000); diffs {'v3_fve': 2.4749202687246452e-11, 'v3_fve_own_mu': 2.7882929298783665e-10, 'dep_fve': 1.7528312135084434e-10, 'dep_fve_own_mu': 8.848544563733185e-09, 'v3_l0': 0.0, 'dep_l0': 0.0, 'v3_dead_equal': True, 'dep_dead_equal': True}
03:37:16 L7: v3 FVE 0.8472 dep 0.1123 dep recentred 0.2840; shift/var dep 0.291 v3 0.0005; match>=0.9 0.006 (null 0.000); diffs {'v3_fve': 1.7042034450298615e-11, 'v3_fve_own_mu': 1.8983892235979738e-10, 'dep_fve': 4.448774681975465e-11, 'dep_fve_own_mu': 2.9034585846687833e-10, 'v3_l0': 0.0, 'dep_l0': 0.0, 'v3_dead_equal': True, 'dep_dead_equal': True}
03:37:30 L8: v3 FVE 0.8419 dep -0.0414 dep recentred 0.3075; shift/var dep 0.578 v3 0.0008; match>=0.9 0.005 (null 0.000); diffs {'v3_fve': 1.4062704334349974e-08, 'v3_fve_own_mu': 1.4261074099408688e-08, 'dep_fve': 1.4914158796841548e-10, 'dep_fve_own_mu': 1.0317997567454995e-08, 'v3_l0': 0.0, 'dep_l0': 0.0, 'v3_dead_equal': True, 'dep_dead_equal': True}
03:37:43 L9: v3 FVE 0.8587 dep -0.1312 dep recentred 0.3152; shift/var dep 1.050 v3 0.0007; match>=0.9 0.005 (null 0.000); diffs {'v3_fve': 2.4498181261378704e-11, 'v3_fve_own_mu': 1.3925971487083189e-10, 'dep_fve': 4.3062131638293977e-10, 'dep_fve_own_mu': 9.786450316795481e-09, 'v3_l0': 0.0, 'dep_l0': 0.0, 'v3_dead_equal': True, 'dep_dead_equal': True}
03:37:54 L10: v3 FVE 0.8692 dep -0.0119 dep recentred 0.3421; shift/var dep 0.992 v3 0.0006; match>=0.9 0.003 (null 0.000); diffs {'v3_fve': 2.388411690645853e-11, 'v3_fve_own_mu': 1.0170531083986134e-11, 'dep_fve': 2.148183853023511e-10, 'dep_fve_own_mu': 3.454486141585278e-09, 'v3_l0': 0.0, 'dep_l0': 0.0, 'v3_dead_equal': True, 'dep_dead_equal': True}
03:38:05 L11: v3 FVE 0.8713 dep 0.1722 dep recentred 0.2964; shift/var dep 0.226 v3 0.0007; match>=0.9 0.000 (null 0.000); diffs {'v3_fve': 2.9953817204386723e-13, 'v3_fve_own_mu': 1.883315725592638e-11, 'dep_fve': 8.281964003487019e-11, 'dep_fve_own_mu': 5.332356778353642e-11, 'v3_l0': 0.0, 'dep_l0': 0.0, 'v3_dead_equal': True, 'dep_dead_equal': True}
03:38:15 recompute DONE
03:39:07 embedding lookup of v3 tokens vs stored v3 layer_00: 0 rows differ of 1019996
03:39:21 l0_build DONE: {'file': '<AGENT_TMP>/<SESSION_DIR>/d422dc33-6d6f-4b2b-bbf7-f274d8a82fae/scratchpad/l0_protocol/deployed_tokens_layer_00.npy', 'n_rows': 1019996, 'v3_lookup_rows_differing_from_stored': 0, 'tokens_deployed_sha256': '5e631772084c9966d3e60ef5c451ebc87d6b68f949d25ae0d5c33233c384f169', 'deployed_token_reproduction': {'file': '<REPO_ROOT>/projects/maxtoki/runs/sae-atlas-217M/outputs/phase0/layer_00/gene_names.json', 'n_positions_deployed': 1019996, 'n_positions_rebuilt': 1019996, 'identical': True, 'n_mismatch': 0}, 'seconds': 29.56660771369934}
03:40:24   L0 epoch 0: loss=0.000313 steps=225 time=31.4s (batch reads 1.9s)
03:40:53   L0 epoch 1: loss=0.000208 steps=450 time=60.8s (batch reads 0.3s)
03:41:26   L0 epoch 2: loss=0.000165 steps=675 time=93.8s (batch reads 0.6s)
03:41:56   L0 epoch 3: loss=0.000143 steps=900 time=123.6s (batch reads 1.7s)
03:42:02   L0 DONE: FVE=0.6935 dead=2430 L0=32.00 (143s)
03:42:02 l0_train: done
03:42:21 {
 "reproduced": {
  "variance_explained": 0.6935050236302918,
  "n_dead": 2430,
  "n_alive": 2498,
  "mean_l0_eval": 32.0
 },
 "deployed": {
  "variance_explained": 0.6934377761190331,
  "n_dead": 2430,
  "n_alive": 2498
 },
 "fve_abs_diff": 6.724751125863904e-05,
 "epoch_losses_reproduced_vs_deployed": [
  [
   0.00031254107074346393,
   0.00031254141578554277
  ],
  [
   0.0002080532748045193,
   0.00020805745663690485
  ],
  [
   0.00016499399110519636,
   0.00016500290224535599
  ],
  [
   0.0001433607031099705,
   0.0001433769482213797
  ]
 ],
 "epoch_loss_max_rel_diff": 0.00011330350946021389,
 "weights": {
  "W_enc_weight": {
   "max_abs_diff": 0.017080945894122124,
   "rel_fro_diff": 0.03398201762480793
  },
  "W_enc_bias": {
   "max_abs_diff": 0.00150226429104805,
   "rel_fro_diff": 0.005136921515394383
  },
  "W_dec_weight": {
   "max_abs_diff": 0.021469897590577602,
   "rel_fro_diff": 0.05223366654281429
  },
  "mu": {
   "max_abs_diff": 3.725290298461914e-09,
   "rel_fro_diff": 6.70427875164494e-08
  }
 },
 "deployed_columns_moved_from_init": 2576,
 "same_index_abs_cos_moved_columns": {
  "median": 0.9979212372169556,
  "min": 0.9696455282073495,
  "share_ge_0.99": 0.9825310559006211
 },
 "same_index_abs_cos_unmoved_columns_min": 0.9999998354480322,
 "init_check": "TopKSAE(1232, 4928, 32) after torch.manual_seed(42) on CPU, as train_sae"
}
