======================================================================
PHASE 2 — Incremental value testing (MaxToki L8)
======================================================================

[1] Loading artefacts...

[2] Rebuilding DE masks from K562...
  loading HVG-only expression (sequential)...
  loaded HVG matrix: (643413, 1500)  (59.2s)
  evaluable perturbations: 155  (60.0s)

[3] Building (pert, target) dataset...
  n pairs: 232,345  positive rate: 0.0370
  n perturbations: 155
  n unique targets: 1500

[4] Running GroupKFold incremental-value tests...
  [cross_pert | logreg | gene_only       ] AUROC=0.5970 ± 0.0174  AUPRC=0.0544
  [cross_pert | logreg | gene_plus_attn  ] AUROC=0.5991 ± 0.0178  AUPRC=0.0543
  [cross_pert | logreg | gene_plus_corr  ] AUROC=0.5969 ± 0.0175  AUPRC=0.0543
  [cross_pert | logreg | gene_plus_both  ] AUROC=0.5990 ± 0.0180  AUPRC=0.0543
  [cross_pert | logreg | attn_only       ] AUROC=0.5626 ± 0.0159  AUPRC=0.0444
  [cross_pert | logreg | corr_only       ] AUROC=0.5028 ± 0.0109  AUPRC=0.0374
  [cross_gene | logreg | gene_only       ] AUROC=0.5972 ± 0.0139  AUPRC=0.0545
  [cross_gene | logreg | gene_plus_attn  ] AUROC=0.5993 ± 0.0137  AUPRC=0.0540
  [cross_gene | logreg | gene_plus_corr  ] AUROC=0.5973 ± 0.0140  AUPRC=0.0547
  [cross_gene | logreg | gene_plus_both  ] AUROC=0.5995 ± 0.0138  AUPRC=0.0541
  [cross_gene | logreg | attn_only       ] AUROC=0.5632 ± 0.0080  AUPRC=0.0443
  [cross_gene | logreg | corr_only       ] AUROC=0.5030 ± 0.0016  AUPRC=0.0373
  [joint      | logreg | gene_only       ] AUROC=0.5974  AUPRC=0.0542
  [joint      | logreg | gene_plus_attn  ] AUROC=0.5995  AUPRC=0.0541
  [joint      | logreg | gene_plus_corr  ] AUROC=0.5975  AUPRC=0.0541
  split time: 12.4s

[5] Delta-AUROC summary (vs gene_only)...
     split  model    feature_set  gene_only_auroc  new_auroc  delta_auroc
cross_gene logreg gene_plus_attn         0.597182   0.599326     0.002144
cross_gene logreg gene_plus_corr         0.597182   0.597277     0.000095
cross_gene logreg gene_plus_both         0.597182   0.599497     0.002315
cross_gene logreg      attn_only         0.597182   0.563247    -0.033935
cross_gene logreg      corr_only         0.597182   0.503005    -0.094177
cross_pert logreg gene_plus_attn         0.597037   0.599072     0.002035
cross_pert logreg gene_plus_corr         0.597037   0.596934    -0.000102
cross_pert logreg gene_plus_both         0.597037   0.598991     0.001954
cross_pert logreg      attn_only         0.597037   0.562597    -0.034439
cross_pert logreg      corr_only         0.597037   0.502798    -0.094239
     joint logreg gene_plus_attn         0.597437   0.599530     0.002093
     joint logreg gene_plus_corr         0.597437   0.597521     0.000084

PHASE 2 COMPLETE — outputs: <REPO_ROOT>/projects/maxtoki/runs/attention-grn-217M/outputs/phase2_k562_1b
