======================================================================
SAE Phases 2-5, 8  layers=[0, 5, 11]  d_model=1232
======================================================================

[Phase 2] Feature annotation...
  annotation databases: 3062 terms total
    encoding 1,019,996 positions in chunks of 20000...
      chunk 0/50...
      chunk 5/50...
      chunk 10/50...
      chunk 15/50...
      chunk 20/50...
      chunk 25/50...
      chunk 30/50...
      chunk 35/50...
      chunk 40/50...
      chunk 45/50...
      chunk 50/50...
  L0: 1,019,996 pos, 2498/4928 alive features
    testing 2498 features × 2369 terms...
    enrichments: 23074 significant (BH<0.05) across 2016 features  annotation_rate=0.807
      GO_BP: 9005 enrichments
      KEGG: 1993 enrichments
      Reactome: 11453 enrichments
      TRRUST_TF: 623 enrichments
    (47.8s)
    encoding 1,019,996 positions in chunks of 20000...
      chunk 0/50...
      chunk 5/50...
      chunk 10/50...
      chunk 15/50...
      chunk 20/50...
      chunk 25/50...
      chunk 30/50...
      chunk 35/50...
      chunk 40/50...
      chunk 45/50...
      chunk 50/50...
  L5: 1,019,996 pos, 4928/4928 alive features
    testing 4928 features × 2369 terms...
    enrichments: 27658 significant (BH<0.05) across 3340 features  annotation_rate=0.678
      GO_BP: 11838 enrichments
      KEGG: 2683 enrichments
      Reactome: 12299 enrichments
      TRRUST_TF: 838 enrichments
    (57.3s)
    encoding 1,019,996 positions in chunks of 20000...
      chunk 0/50...
      chunk 5/50...
      chunk 10/50...
      chunk 15/50...
      chunk 20/50...
      chunk 25/50...
      chunk 30/50...
      chunk 35/50...
      chunk 40/50...
      chunk 45/50...
      chunk 50/50...
  L11: 1,019,996 pos, 4924/4928 alive features
    testing 4924 features × 2369 terms...
    enrichments: 20754 significant (BH<0.05) across 3040 features  annotation_rate=0.617
      GO_BP: 8835 enrichments
      KEGG: 2171 enrichments
      Reactome: 8832 enrichments
      TRRUST_TF: 916 enrichments
    (54.8s)

[Phase 3] SVD comparison (superposition quantification)...
  L0: SVD-aligned=0  novel=4928 (100.0%)  SVD top-50 VarExpl=0.210  SAE VarExpl=0.693
  L5: SVD-aligned=5  novel=4923 (99.9%)  SVD top-50 VarExpl=0.650  SAE VarExpl=0.889
  L11: SVD-aligned=1  novel=4927 (100.0%)  SVD top-50 VarExpl=0.624  SAE VarExpl=0.828

[Phase 4] Cross-layer tracking...
  L0→L5: 125/4928 matches (0.025)
  L5→L11: 26/4928 matches (0.005)

[Phase 5] Co-activation modules...
  leidenalg not installed — skipping Leiden, using k-means instead
  L0: computing PMI (2498 alive features)...
    PMI edges (>2.0): 122,247
<REPO_ROOT>/projects/maxtoki/.venv/lib/python3.12/site-packages/sklearn/manifold/_spectral_embedding.py:324: UserWarning: Graph is not fully connected, spectral embedding may not work as expected.
  warnings.warn(
    modules: 10  coverage: 0.507
    (105.4s)
  L5: computing PMI (4928 alive features)...
    PMI edges (>2.0): 488,139
    modules: 10  coverage: 1.000
    (105.4s)
  L11: computing PMI (4924 alive features)...
    PMI edges (>2.0): 438,366
<REPO_ROOT>/projects/maxtoki/.venv/lib/python3.12/site-packages/sklearn/manifold/_spectral_embedding.py:324: UserWarning: Graph is not fully connected, spectral embedding may not work as expected.
  warnings.warn(
    modules: 10  coverage: 0.999
    (105.6s)

[Phase 8] Perturbation response mapping (central regulatory test)...
  control positions: 1,019,996
  encoded 200,000 control positions
  perturbation targets: 100 (48 TFs + 52 non-TFs)
Traceback (most recent call last):
  File "<REPO_ROOT>/projects/maxtoki/runs/sae-atlas-217M/scripts/phases2_to_8.py", line 479, in <module>
    h_target = h_ctrl[target_positions]
               ~~~~~~^^^^^^^^^^^^^^^^^^
IndexError: index 200101 is out of bounds for axis 0 with size 200000
