
[lung] strict audit on layers [3, 6, 9]
  L03        euclidean  obs=0.529  max_null_p95=0.558  strict=-0.029  pass=0
  L03         geodesic  obs=0.519  max_null_p95=0.551  strict=-0.033  pass=0
  L03     diffusion_t4  obs=0.547  max_null_p95=0.552  strict=-0.004  pass=0
  L03  triangle_defect  obs=0.504  max_null_p95=0.550  strict=-0.045  pass=0
  L06        euclidean  obs=0.507  max_null_p95=0.550  strict=-0.043  pass=0
  L06         geodesic  obs=0.533  max_null_p95=0.545  strict=-0.013  pass=0
  L06     diffusion_t4  obs=0.572  max_null_p95=0.545  strict=+0.026  pass=1
  L06  triangle_defect  obs=0.434  max_null_p95=0.551  strict=-0.118  pass=0
  L09        euclidean  obs=0.464  max_null_p95=0.545  strict=-0.082  pass=0
  L09         geodesic  obs=0.476  max_null_p95=0.545  strict=-0.069  pass=0
  L09     diffusion_t4  obs=0.504  max_null_p95=0.547  strict=-0.043  pass=0
  L09  triangle_defect  obs=0.529  max_null_p95=0.545  strict=-0.016  pass=0

[immune] strict audit on layers [3, 6, 9]
  L03        euclidean  obs=0.506  max_null_p95=0.557  strict=-0.050  pass=0
  L03         geodesic  obs=0.535  max_null_p95=0.548  strict=-0.013  pass=0
  L03     diffusion_t4  obs=0.491  max_null_p95=0.544  strict=-0.053  pass=0
  L03  triangle_defect  obs=0.467  max_null_p95=0.528  strict=-0.061  pass=0
  L06        euclidean  obs=0.541  max_null_p95=0.528  strict=+0.013  pass=1
  L06         geodesic  obs=0.546  max_null_p95=0.532  strict=+0.015  pass=1
  L06     diffusion_t4  obs=0.502  max_null_p95=0.528  strict=-0.026  pass=0
  L06  triangle_defect  obs=0.458  max_null_p95=0.528  strict=-0.070  pass=0
  L09        euclidean  obs=0.508  max_null_p95=0.545  strict=-0.037  pass=0
  L09         geodesic  obs=0.519  max_null_p95=0.536  strict=-0.017  pass=0
  L09     diffusion_t4  obs=0.497  max_null_p95=0.530  strict=-0.033  pass=0
  L09  triangle_defect  obs=0.468  max_null_p95=0.530  strict=-0.062  pass=0
Traceback (most recent call last):
  File "<REPO_ROOT>/projects/maxtoki/runs/topology-141-217M/scripts/phase12_strict_max_null.py", line 244, in <module>
    main()
  File "<REPO_ROOT>/projects/maxtoki/runs/topology-141-217M/scripts/phase12_strict_max_null.py", line 170, in main
    pairs = pd.read_csv(P1 / domain / "pair_table.csv")
            ^^^^^^^^^^^^^^^^^^^^^^^^^^^^^^^^^^^^^^^^^^^
  File "<CONDA_ROOT>/lib/python3.11/site-packages/pandas/io/parsers/readers.py", line 1026, in read_csv
    return _read(filepath_or_buffer, kwds)
           ^^^^^^^^^^^^^^^^^^^^^^^^^^^^^^^
  File "<CONDA_ROOT>/lib/python3.11/site-packages/pandas/io/parsers/readers.py", line 620, in _read
    parser = TextFileReader(filepath_or_buffer, **kwds)
             ^^^^^^^^^^^^^^^^^^^^^^^^^^^^^^^^^^^^^^^^^^
  File "<CONDA_ROOT>/lib/python3.11/site-packages/pandas/io/parsers/readers.py", line 1620, in __init__
    self._engine = self._make_engine(f, self.engine)
                   ^^^^^^^^^^^^^^^^^^^^^^^^^^^^^^^^^
  File "<CONDA_ROOT>/lib/python3.11/site-packages/pandas/io/parsers/readers.py", line 1880, in _make_engine
    self.handles = get_handle(
                   ^^^^^^^^^^^
  File "<CONDA_ROOT>/lib/python3.11/site-packages/pandas/io/common.py", line 873, in get_handle
    handle = open(
             ^^^^^
FileNotFoundError: [Errno 2] No such file or directory: '<REPO_ROOT>/projects/maxtoki/runs/topology-141-217M/outputs/phase1/external_lung/pair_table.csv'
