
[immune] emb (12, 350, 20)  pairs 2544  log_expr (2000, 350)
  L00  eucl=+0.040  geo=+0.047  diff=+0.047  tri=-0.084
  L01  eucl=+0.020  geo=+0.027  diff=+0.036  tri=-0.087
  L02  eucl=+0.002  geo=+0.012  diff=+0.023  tri=-0.072
  L03  eucl=-0.022  geo=+0.007  diff=-0.005  tri=-0.061
  L04  eucl=-0.002  geo=+0.001  diff=-0.002  tri=-0.077
  L05  eucl=-0.003  geo=-0.002  diff=+0.012  tri=-0.068
  L06  eucl=+0.013  geo=+0.018  diff=-0.006  tri=-0.070
  L07  eucl=+0.007  geo=+0.012  diff=-0.021  tri=-0.067
  L08  eucl=-0.026  geo=-0.021  diff=-0.018  tri=-0.064
  L09  eucl=-0.020  geo=-0.009  diff=+0.001  tri=-0.060
  L10  eucl=-0.018  geo=-0.004  diff=+0.010  tri=-0.087
  L11  eucl=-0.040  geo=-0.003  diff=-0.026  tri=-0.059

[phase 6] hierarchy:
metric
triangle_defect   -0.071264
euclidean         -0.004050
diffusion          0.004272
geodesic           0.007052
Name: delta_vs_coex, dtype: float64
