
[lung] PCA emb shape: (12, 382, 20)
  L00  obs=3.00  null=5.61±0.54  z=-4.87  sig=0
  L01  obs=31.35  null=65.42±7.40  z=-4.61  sig=0
  L02  obs=67.10  null=86.50±10.29  z=-1.89  sig=0
  L03  obs=98.31  null=109.58±9.58  z=-1.18  sig=0
  L04  obs=114.89  null=117.84±11.64  z=-0.25  sig=0
  L05  obs=155.37  null=129.31±10.49  z=2.49  sig=1
  L06  obs=92.40  null=113.96±6.77  z=-3.18  sig=0
  L07  obs=65.12  null=91.54±5.92  z=-4.46  sig=0
  L08  obs=69.27  null=93.03±8.77  z=-2.71  sig=0
  L09  obs=81.22  null=112.03±7.93  z=-3.89  sig=0
  L10  obs=90.20  null=142.17±14.74  z=-3.53  sig=0
  L11  obs=180.57  null=210.18±20.63  z=-1.44  sig=0

[immune] PCA emb shape: (12, 350, 20)
  L00  obs=2.71  null=6.43±0.61  z=-6.09  sig=0
  L01  obs=46.50  null=78.45±9.04  z=-3.54  sig=0
  L02  obs=76.15  null=96.73±5.93  z=-3.47  sig=0
  L03  obs=130.17  null=128.71±10.95  z=0.13  sig=0
  L04  obs=198.36  null=161.88±9.95  z=3.67  sig=1
  L05  obs=210.48  null=189.94±14.94  z=1.37  sig=0
  L06  obs=141.86  null=173.34±10.60  z=-2.97  sig=0
  L07  obs=109.87  null=160.29±11.90  z=-4.24  sig=0
  L08  obs=129.20  null=180.09±16.64  z=-3.06  sig=0
  L09  obs=129.24  null=205.13±21.17  z=-3.59  sig=0
  L10  obs=131.30  null=238.35±19.01  z=-5.63  sig=0
  L11  obs=231.04  null=368.92±34.57  z=-3.99  sig=0

[external_lung] PCA emb shape: (12, 380, 20)
  L00  obs=2.84  null=6.48±0.56  z=-6.45  sig=0
  L01  obs=31.40  null=65.68±5.69  z=-6.03  sig=0
  L02  obs=65.16  null=88.66±7.99  z=-2.94  sig=0
  L03  obs=110.99  null=118.86±11.17  z=-0.71  sig=0
  L04  obs=129.06  null=114.59±10.90  z=1.33  sig=0
  L05  obs=136.64  null=125.51±7.58  z=1.47  sig=0
  L06  obs=74.17  null=89.24±6.67  z=-2.26  sig=0
  L07  obs=42.24  null=57.24±5.72  z=-2.62  sig=0
  L08  obs=46.62  null=73.37±6.51  z=-4.11  sig=0
  L09  obs=49.37  null=89.86±5.98  z=-6.77  sig=0
  L10  obs=57.73  null=103.04±7.05  z=-6.43  sig=0
  L11  obs=68.86  null=142.64±12.38  z=-5.96  sig=0

[phase 5] summary:
{
  "external_lung": {
    "n_layers": 12,
    "n_layers_significant": 0,
    "top_z": 1.4685900919391515,
    "top_layer": 5,
    "mean_delta": -21.673023191901546,
    "rewire_n_significant": 0,
    "rewire_n_total": 12
  },
  "immune": {
    "n_layers": 12,
    "n_layers_significant": 1,
    "top_z": 3.665770315221771,
    "top_layer": 4,
    "mean_delta": -37.61458326832702,
    "rewire_n_significant": 0,
    "rewire_n_total": 12
  },
  "lung": {
    "n_layers": 12,
    "n_layers_significant": 1,
    "top_z": 2.485906917820712,
    "top_layer": 5,
    "mean_delta": -19.030632989232735,
    "rewire_n_significant": 0,
    "rewire_n_total": 12
  }
}
