
[immune] strict audit on layers [3, 6, 9]
  L03        euclidean  obs=0.506  max_null_p95=0.557  strict=-0.050  pass=0
  L03         geodesic  obs=0.535  max_null_p95=0.548  strict=-0.013  pass=0
  L03     diffusion_t4  obs=0.491  max_null_p95=0.544  strict=-0.053  pass=0
  L03  triangle_defect  obs=0.467  max_null_p95=0.528  strict=-0.061  pass=0
  L06        euclidean  obs=0.541  max_null_p95=0.528  strict=+0.013  pass=1
  L06         geodesic  obs=0.546  max_null_p95=0.532  strict=+0.015  pass=1
  L06     diffusion_t4  obs=0.502  max_null_p95=0.528  strict=-0.026  pass=0
  L06  triangle_defect  obs=0.458  max_null_p95=0.528  strict=-0.070  pass=0
  L09        euclidean  obs=0.508  max_null_p95=0.545  strict=-0.037  pass=0
  L09         geodesic  obs=0.519  max_null_p95=0.536  strict=-0.017  pass=0
  L09     diffusion_t4  obs=0.497  max_null_p95=0.530  strict=-0.033  pass=0
  L09  triangle_defect  obs=0.468  max_null_p95=0.530  strict=-0.062  pass=0

[phase 12] summary:
{
  "immune": {
    "n_tests": 12,
    "mean_strict_margin": -0.03282836572128847,
    "n_strict_positive": 2,
    "fraction_strict_positive": 0.16666666666666666
  },
  "overall": {
    "mean_strict_margin": -0.03282836572128847,
    "n_strict_positive": 2,
    "n_tests": 12
  }
}
