
[immune] running H91 on layers [3, 6, 9]
  L03 seed=42 source_disjoint  AUC=0.545  selected=6/6
  L03 seed=42 target_disjoint  AUC=0.511  selected=3/6
  L03 seed=43 source_disjoint  AUC=0.496  selected=2/6
  L03 seed=43 target_disjoint  AUC=0.514  selected=3/6
  L03 seed=44 source_disjoint  AUC=0.522  selected=2/6
  L03 seed=44 target_disjoint  AUC=0.507  selected=4/6
  L06 seed=42 source_disjoint  AUC=0.509  selected=1/6
  L06 seed=42 target_disjoint  AUC=0.523  selected=5/6
  L06 seed=43 source_disjoint  AUC=0.535  selected=2/6
  L06 seed=43 target_disjoint  AUC=0.521  selected=4/6
  L06 seed=44 source_disjoint  AUC=0.546  selected=3/6
  L06 seed=44 target_disjoint  AUC=0.529  selected=3/6
  L09 seed=42 source_disjoint  AUC=0.480  selected=6/6
  L09 seed=42 target_disjoint  AUC=0.512  selected=1/6
  L09 seed=43 source_disjoint  AUC=0.488  selected=2/6
  L09 seed=43 target_disjoint  AUC=0.498  selected=4/6
  L09 seed=44 source_disjoint  AUC=0.511  selected=2/6
  L09 seed=44 target_disjoint  AUC=0.504  selected=3/6

[phase 9]
{
  "immune": {
    "n_rows": 18,
    "mean_auc": 0.514018195208799,
    "median_auc": 0.5116813150207553,
    "fraction_above_chance": 0.7777777777777778
  }
}
