========================================================================
PHASE 14 — cross-model alignment (MaxToki-217M ↔ Geneformer V2-316M)
========================================================================

[1] Loading static embeddings...
  Geneformer static: (20275, 1152)
  MaxToki static:    (20275, 1232)

[lung] shared genes: 382/382  PCA-aligned dim: 30
  CCA mean_r=0.783  Spearman=0.352  Pearson=0.398 (null p95 0.006)
  Top-1 retrieval=45.0%  (null p95 0.8%)

[immune] shared genes: 350/350  PCA-aligned dim: 30
<CONDA_ROOT>/lib/python3.11/site-packages/sklearn/cross_decomposition/_pls.py:113: ConvergenceWarning: Maximum number of iterations reached
  warnings.warn("Maximum number of iterations reached", ConvergenceWarning)
  CCA mean_r=0.776  Spearman=0.367  Pearson=0.400 (null p95 0.006)
  Top-1 retrieval=46.6%  (null p95 0.9%)

[external_lung] shared genes: 380/380  PCA-aligned dim: 30
  CCA mean_r=0.766  Spearman=0.351  Pearson=0.387 (null p95 0.004)
  Top-1 retrieval=38.2%  (null p95 0.7%)

[phase 14] summary:
{
  "external_lung": {
    "n_genes": 380,
    "cca_mean_r": 0.7661705028380451,
    "pairwise_pearson": 0.38737420396956257,
    "pairwise_pearson_z": 107.98709241786486,
    "top1_retrieval": 0.3815789473684211,
    "top1_retrieval_z": 149.13452249945746,
    "verdict": "Layer-1 PARTIALLY REPLICATES (pearson z>3)"
  },
  "immune": {
    "n_genes": 350,
    "cca_mean_r": 0.7757347694928558,
    "pairwise_pearson": 0.40032796368746865,
    "pairwise_pearson_z": 86.07816531617598,
    "top1_retrieval": 0.4657142857142857,
    "top1_retrieval_z": 150.25728416267688,
    "verdict": "Layer-1 PARTIALLY REPLICATES (pearson z>3)"
  },
  "lung": {
    "n_genes": 382,
    "cca_mean_r": 0.7831083136328606,
    "pairwise_pearson": 0.3979362101701208,
    "pairwise_pearson_z": 107.23946352075725,
    "top1_retrieval": 0.450261780104712,
    "top1_retrieval_z": 182.09591709682428,
    "verdict": "Layer-1 PARTIALLY REPLICATES (pearson z>3)"
  }
}
