217M_K562 {
 "n_edges_in_hvg_grid": 66,
 "n_nonempty_rows": 27,
 "n_tfs_evaluated": 8,
 "tfs": [
  "NFE2L2",
  "PTTG1",
  "E2F3",
  "ATM",
  "STAT3",
  "BRCA1",
  "CEBPB",
  "EP300"
 ],
 "auroc_pooled_attention_L8": 0.48289389246951814,
 "auroc_pooled_spearman_abs": 0.5432130799921877,
 "auroc_pooled_target_variance": 0.7252141402304624,
 "auroc_pooled_target_mean_expr": 0.5386475451763809,
 "auroc_pooled_target_one_minus_dropout": 0.5042474633334263,
 "n_positive": 45,
 "n_negative": 11947,
 "n_pairs": 11992,
 "per_tf_mean_attn": 0.4881295566772196,
 "per_tf_mean_var": 0.7299878518451035,
 "per_tf_n_var_beats_attn": 7,
 "boot_var_minus_attn_mean": 0.24448201799241157,
 "boot_var_minus_attn_ci95": [
  0.11589925304092161,
  0.35942445535239465
 ],
 "boot_frac_var_gt_attn": 0.9995,
 "verbatim_curveball_n_iter": 330,
 "verbatim_curveball_changed_cells_first20": [
  0,
  0,
  0,
  0,
  0,
  0,
  0,
  0,
  0,
  0,
  0,
  0,
  0,
  0,
  0,
  0,
  0,
  0,
  0,
  0
 ],
 "verbatim_curveball_effective_swaps_first20": [
  0,
  0,
  0,
  0,
  0,
  0,
  0,
  0,
  0,
  0,
  0,
  0,
  0,
  0,
  0,
  0,
  0,
  0,
  0,
  0
 ],
 "mixed_curveball_null_mean": 0.4615736728576037,
 "mixed_curveball_null_std": 0.0390425875764993,
 "mixed_curveball_z": 0.5460759886915796,
 "mixed_curveball_p_upper": 0.3034825870646766
}
    tf  n_pos     attn      var
NFE2L2      5 0.287550 0.648862
 PTTG1      4 0.250251 0.817057
  E2F3      6 0.634070 0.986827
   ATM      4 0.488462 0.699331
 STAT3     10 0.443922 0.694762
 BRCA1      9 0.522744 0.689635
 CEBPB      4 0.610702 0.346656
 EP300      3 0.667335 0.956774
217M_RPE1 {
 "n_edges_in_hvg_grid": 173,
 "n_nonempty_rows": 42,
 "n_tfs_evaluated": 16,
 "tfs": [
  "JUN",
  "PARP1",
  "PTTG1",
  "HDAC2",
  "HIPK2",
  "KLF6",
  "FOXM1",
  "TFDP1",
  "HIF1A",
  "YY1",
  "BRCA1",
  "NFIC",
  "DNMT1",
  "JUND",
  "CEBPB",
  "ATF4"
 ],
 "auroc_pooled_attention_L8": 0.6045142320226282,
 "auroc_pooled_spearman_abs": 0.5962717291023196,
 "auroc_pooled_target_variance": 0.6863779906574431,
 "auroc_pooled_target_mean_expr": 0.4694555766652445,
 "auroc_pooled_target_one_minus_dropout": 0.43233529276626476,
 "n_positive": 138,
 "n_negative": 23846,
 "n_pairs": 23984,
 "per_tf_mean_attn": 0.5866704658777739,
 "per_tf_mean_var": 0.681818890312829,
 "per_tf_n_var_beats_attn": 13,
 "boot_var_minus_attn_mean": 0.08307571860166982,
 "boot_var_minus_attn_ci95": [
  0.02373630934666945,
  0.14535587125945187
 ],
 "boot_frac_var_gt_attn": 0.997,
 "verbatim_curveball_n_iter": 865,
 "verbatim_curveball_changed_cells_first20": [
  0,
  0,
  0,
  0,
  8,
  16,
  0,
  0,
  0,
  18,
  0,
  0,
  4,
  0,
  0,
  4,
  0,
  0,
  0,
  4
 ],
 "verbatim_curveball_effective_swaps_first20": [
  0,
  0,
  0,
  0,
  2,
  3,
  0,
  0,
  0,
  2,
  0,
  0,
  1,
  0,
  0,
  1,
  0,
  0,
  0,
  1
 ],
 "mixed_curveball_null_mean": 0.5685521255331413,
 "mixed_curveball_null_std": 0.019234587251031873,
 "mixed_curveball_z": 1.8696583409949539,
 "mixed_curveball_p_upper": 0.03482587064676617
}
   tf  n_pos     attn      var
  JUN     21 0.667086 0.739964
PARP1      5 0.596386 0.890094
PTTG1      8 0.543260 0.755114
HDAC2      4 0.606856 0.695652
HIPK2      4 0.518896 0.664883
 KLF6      4 0.854849 0.760201
FOXM1      4 0.618227 0.518227
TFDP1      7 0.521831 0.747223
HIF1A     19 0.686166 0.690043
  YY1     15 0.502830 0.533199
BRCA1     16 0.569707 0.729560
 NFIC      5 0.506158 0.679652
DNMT1      6 0.611297 0.379549
 JUND     10 0.675890 0.749026
CEBPB      4 0.459197 0.615050
 ATF4      6 0.448091 0.761666
217M_Adamson {
 "n_edges_in_hvg_grid": 281,
 "n_nonempty_rows": 68,
 "n_tfs_evaluated": 32,
 "tfs": [
  "JUN",
  "ATF6",
  "POU2F1",
  "ATF3",
  "CREB1",
  "CTNNB1",
  "REST",
  "APC",
  "EGR1",
  "NR3C1",
  "PTTG1",
  "SOX4",
  "MYB",
  "GATA1",
  "MYC",
  "ABL1",
  "KLF6",
  "CREM",
  "SPI1",
  "ATM",
  "DDIT3",
  "CHD8",
  "YY1",
  "CREBBP",
  "STAT3",
  "BRCA1",
  "TCF4",
  "CEBPB",
  "JUND",
  "ATF5",
  "XBP1",
  "RUNX1"
 ],
 "auroc_pooled_attention_L8": 0.5195066877637431,
 "auroc_pooled_spearman_abs": 0.5389432896525375,
 "auroc_pooled_target_variance": 0.5242268094317567,
 "auroc_pooled_target_mean_expr": 0.5893520780572887,
 "auroc_pooled_target_one_minus_dropout": 0.5823862345127527,
 "n_positive": 236,
 "n_negative": 47732,
 "n_pairs": 47968,
 "per_tf_mean_attn": 0.5226099572765862,
 "per_tf_mean_var": 0.5023970472993171,
 "per_tf_n_var_beats_attn": 13,
 "boot_var_minus_attn_mean": 0.003721661089629495,
 "boot_var_minus_attn_ci95": [
  -0.05677524227456552,
  0.06011900169544721
 ],
 "boot_frac_var_gt_attn": 0.5545,
 "verbatim_curveball_n_iter": 1405,
 "verbatim_curveball_changed_cells_first20": [
  34,
  12,
  12,
  32,
  20,
  24,
  0,
  0,
  8,
  18,
  0,
  28,
  8,
  12,
  20,
  12,
  16,
  0,
  0,
  4
 ],
 "verbatim_curveball_effective_swaps_first20": [
  6,
  3,
  2,
  5,
  3,
  3,
  0,
  0,
  2,
  4,
  0,
  3,
  2,
  3,
  2,
  3,
  2,
  0,
  0,
  1
 ],
 "mixed_curveball_null_mean": 0.48994366606890993,
 "mixed_curveball_null_std": 0.014775707355688762,
 "mixed_curveball_z": 2.0007855450284864,
 "mixed_curveball_p_upper": 0.01990049751243781
}
    tf  n_pos     attn      var
   JUN     16 0.602495 0.649317
  ATF6      6 0.541862 0.727395
POU2F1      8 0.463783 0.449447
  ATF3      5 0.318608 0.646988
 CREB1      7 0.549167 0.418326
CTNNB1      4 0.281605 0.400167
  REST      3 0.670900 0.453209
   APC      4 0.544314 0.242140
  EGR1     10 0.617461 0.497314
 NR3C1      4 0.340134 0.395485
 PTTG1      6 0.407792 0.628489
  SOX4      4 0.416722 0.410702
   MYB      6 0.613976 0.608395
 GATA1     15 0.363455 0.594070
   MYC     22 0.465963 0.582754
  ABL1      3 0.407308 0.660651
  KLF6      4 0.762542 0.278261
  CREM      3 0.659314 0.653743
  SPI1      4 0.637960 0.453846
   ATM      5 0.544177 0.614726
 DDIT3      6 0.504577 0.620228
  CHD8      3 0.719251 0.252897
   YY1     12 0.528749 0.380128
CREBBP      4 0.511538 0.481773
 STAT3     21 0.577163 0.554997
 BRCA1     15 0.475247 0.437062
  TCF4      4 0.613545 0.400669
 CEBPB      8 0.564638 0.827968
  JUND      9 0.652871 0.459881
  ATF5      4 0.302258 0.207023
  XBP1      4 0.552174 0.657692
 RUNX1      7 0.511969 0.430965
1B_K562 {
 "n_edges_in_hvg_grid": 96,
 "n_nonempty_rows": 31,
 "n_tfs_evaluated": 12,
 "tfs": [
  "NFE2L2",
  "PTTG1",
  "E2F3",
  "MYC",
  "ATM",
  "TFDP1",
  "CTCF",
  "STAT3",
  "BRCA1",
  "CEBPB",
  "ATF4",
  "EP300"
 ],
 "auroc_pooled_attention_L8": 0.5553997377264785,
 "auroc_pooled_spearman_abs": 0.5800110109000264,
 "auroc_pooled_target_variance": 0.6292415860283912,
 "auroc_pooled_target_mean_expr": 0.6097255303774672,
 "auroc_pooled_target_one_minus_dropout": 0.587584445574421,
 "n_positive": 73,
 "n_negative": 17915,
 "n_pairs": 17988,
 "per_tf_mean_attn": 0.5594896398448767,
 "per_tf_mean_var": 0.6266988247587212,
 "per_tf_n_var_beats_attn": 7,
 "boot_var_minus_attn_mean": 0.07534093353949893,
 "boot_var_minus_attn_ci95": [
  -0.03736075297578245,
  0.18100088654754032
 ],
 "boot_frac_var_gt_attn": 0.9045,
 "verbatim_curveball_n_iter": 480,
 "verbatim_curveball_changed_cells_first20": [
  0,
  0,
  4,
  0,
  0,
  0,
  0,
  0,
  0,
  0,
  0,
  8,
  0,
  0,
  0,
  0,
  4,
  0,
  0,
  8
 ],
 "verbatim_curveball_effective_swaps_first20": [
  0,
  0,
  1,
  0,
  0,
  0,
  0,
  0,
  0,
  0,
  0,
  1,
  0,
  0,
  0,
  0,
  1,
  0,
  0,
  1
 ],
 "mixed_curveball_null_mean": 0.5273669084595172,
 "mixed_curveball_null_std": 0.02488271381720503,
 "mixed_curveball_z": 1.126598548409869,
 "mixed_curveball_p_upper": 0.13432835820895522
}
    tf  n_pos     attn      var
NFE2L2      5 0.544578 0.740562
 PTTG1      4 0.508027 0.887960
  E2F3      6 0.796495 0.940165
   MYC     15 0.604717 0.534906
   ATM      5 0.376104 0.597858
 TFDP1      4 0.743813 0.470736
  CTCF      3 0.680927 0.605615
 STAT3     10 0.371927 0.575890
 BRCA1     10 0.569073 0.697314
 CEBPB      3 0.353164 0.276070
  ATF4      4 0.387960 0.592308
 EP300      4 0.777090 0.601003
